Wed Jul 15 22:10:48 PDT 2026: Starting channel sync...
OK: memory validation passed
OK: memory validation passed
Wed Jul 15 22:21:12 PDT 2026: Channel sync completed.
Thu Jul 16 22:00:02 PDT 2026: Starting channel sync...
OK: memory validation passed
Fri Jul 17 22:05:59 PDT 2026: Starting channel sync...
OK: memory validation passed
OK: memory validation passed
Fri Jul 17 22:07:24 PDT 2026: Channel sync completed.
Mon Jul 20 22:00:58 PDT 2026: Starting channel sync...
OK: memory validation passed
OK: memory validation passed
Mon Jul 20 22:34:40 PDT 2026: Channel sync completed.
Tue Jul 21 22:02:15 PDT 2026: Starting channel sync...
OK: memory validation passed
OK: memory validation passed
Tue Jul 21 22:03:21 PDT 2026: Channel sync completed.
Wed Jul 22 22:00:05 PDT 2026: Starting channel sync...
OK: memory validation passed
Thu Jul 23 22:00:02 PDT 2026: Starting channel sync...
OK: memory validation passed
OK: memory validation passed
Thu Jul 23 22:04:49 PDT 2026: Channel sync completed.
Fri Jul 24 22:00:04 PDT 2026: Starting channel sync...
OK: memory validation passed
OK: memory validation passed
Fri Jul 24 22:04:01 PDT 2026: Channel sync completed.
Mon Jul 27 22:00:01 PDT 2026: Starting channel sync...
OK: memory validation passed
OK: memory validation passed
Mon Jul 27 22:03:42 PDT 2026: Channel sync completed.
Tue Jul 28 22:10:03 PDT 2026: Starting channel sync...
OK: memory validation passed
OK: memory validation passed
Tue Jul 28 22:16:33 PDT 2026: Channel sync completed.
Wed Jul 29 22:10:58 PDT 2026: Starting channel sync...
OK: memory validation passed
